============================= test session starts =============================
platform win32 -- Python 3.14.2, pytest-9.0.2, pluggy-1.6.0
rootdir: C:\Users\stuar\Desktop\Projetos em Python\Zenith
configfile: pyproject.toml
plugins: anyio-4.12.1, langsmith-0.6.2, asyncio-1.3.0
asyncio: mode=Mode.STRICT, debug=False, asyncio_default_fixture_loop_scope=None, asyncio_default_test_loop_scope=function
collected 12 items / 1 error

=================================== ERRORS ====================================
_________________ ERROR collecting test_config_output_v2.txt __________________
C:\Python314\Lib\pathlib\__init__.py:788: in read_text
    return f.read()
           ^^^^^^^^
<frozen codecs>:325: in decode
    ???
E   UnicodeDecodeError: 'utf-8' codec can't decode byte 0xff in position 0: invalid start byte
============================== warnings summary ===============================
src\core\memory.py:6
  C:\Users\stuar\Desktop\Projetos em Python\Zenith\src\core\memory.py:6: FutureWarning: 
  
  All support for the `google.generativeai` package has ended. It will no longer be receiving 
  updates or bug fixes. Please switch to the `google.genai` package as soon as possible.
  See README for more details:
  
  https://github.com/google-gemini/deprecated-generative-ai-python/blob/main/README.md
  
    import google.generativeai as genai

..\..\..\AppData\Roaming\Python\Python314\site-packages\langchain_core\_api\deprecation.py:26
  C:\Users\stuar\AppData\Roaming\Python\Python314\site-packages\langchain_core\_api\deprecation.py:26: UserWarning: Core Pydantic V1 functionality isn't compatible with Python 3.14 or greater.
    from pydantic.v1.fields import FieldInfo as FieldInfoV1

..\..\..\AppData\Roaming\Python\Python314\site-packages\google\genai\types.py:43
  C:\Users\stuar\AppData\Roaming\Python\Python314\site-packages\google\genai\types.py:43: DeprecationWarning: '_UnionGenericAlias' is deprecated and slated for removal in Python 3.17
    VersionedUnionType = Union[builtin_types.UnionType, _UnionGenericAlias]

-- Docs: https://docs.pytest.org/en/stable/how-to/capture-warnings.html
=========================== short test summary info ===========================
ERROR test_config_output_v2.txt - UnicodeDecodeError: 'utf-8' codec can't dec...
!!!!!!!!!!!!!!!!!!! Interrupted: 1 error during collection !!!!!!!!!!!!!!!!!!!!
======================== 3 warnings, 1 error in 6.81s =========================
